Copyright 1986-2022 Xilinx, Inc. All Rights Reserved. Copyright 2022-2025 Advanced Micro Devices, Inc. All Rights Reserved.
---------------------------------------------------------------------------------------------------------------------------------------------
| Tool Version : Vivado v.2025.2 (lin64) Build 6299465 Fri Nov 14 12:34:56 MST 2025
| Date         : Thu Jun 25 05:09:04 2026
| Host         : WIN-DREFJD030RN running 64-bit Ubuntu 26.04 LTS
| Command      : report_utilization -hierarchical -file synth_out/real_board_top/utilization.rpt
| Design       : cnn_accel_board_top
| Device       : xc7a35tcpg236-1
| Speed File   : -1
| Design State : Synthesized
---------------------------------------------------------------------------------------------------------------------------------------------

Utilization Design Information

Table of Contents
-----------------
1. Utilization by Hierarchy

1. Utilization by Hierarchy
---------------------------

+--------------------------+-------------------------+------------+------------+---------+------+------+--------+--------+------------+
|         Instance         |          Module         | Total LUTs | Logic LUTs | LUTRAMs | SRLs |  FFs | RAMB36 | RAMB18 | DSP Blocks |
+--------------------------+-------------------------+------------+------------+---------+------+------+--------+--------+------------+
| cnn_accel_board_top      |                   (top) |       4992 |       4992 |       0 |    0 | 6247 |      4 |      1 |          3 |
|   (cnn_accel_board_top)  |                   (top) |          4 |          4 |       0 |    0 |    2 |      0 |      0 |          0 |
|   u_cmd_decoder          |        uart_cmd_decoder |        160 |        160 |       0 |    0 |  223 |      0 |      0 |          0 |
|   u_system_core          |         cnn_system_core |       4766 |       4766 |       0 |    0 | 5963 |      4 |      1 |          3 |
|     u_streaming_core     |      streaming_cnn_core |       4569 |       4569 |       0 |    0 | 4857 |      0 |      0 |          3 |
|       (u_streaming_core) |      streaming_cnn_core |        902 |        902 |       0 |    0 |  647 |      0 |      0 |          3 |
|       u_conv_engine      |             conv_engine |       2126 |       2126 |       0 |    0 |  695 |      0 |      0 |          0 |
|       u_window_buffer    | streaming_window_buffer |       1541 |       1541 |       0 |    0 | 3515 |      0 |      0 |          0 |
|     u_config_loader      |       cnn_config_loader |        164 |        164 |       0 |    0 | 1036 |      0 |      0 |          0 |
|     u_result_buffer      |    output_result_buffer |         27 |         27 |       0 |    0 |   58 |      4 |      1 |          0 |
+--------------------------+-------------------------+------------+------------+---------+------+------+--------+--------+------------+


