Copyright 1986-2022 Xilinx, Inc. All Rights Reserved. Copyright 2022-2025 Advanced Micro Devices, Inc. All Rights Reserved.
---------------------------------------------------------------------------------------------------------------------------------------------
| Tool Version : Vivado v.2025.2 (lin64) Build 6299465 Fri Nov 14 12:34:56 MST 2025
| Date         : Wed Jun 24 04:33:31 2026
| Host         : WIN-DREFJD030RN running 64-bit Ubuntu 26.04 LTS
| Command      : report_utilization -hierarchical -file synth_out/streaming_cnn_core/utilization.rpt
| Design       : streaming_cnn_core
| Device       : xc7a35tcpg236-1
| Speed File   : -1
| Design State : Synthesized
---------------------------------------------------------------------------------------------------------------------------------------------

Utilization Design Information

Table of Contents
-----------------
1. Utilization by Hierarchy

1. Utilization by Hierarchy
---------------------------

+------------------------+-------------------------+------------+------------+---------+------+------+--------+--------+------------+
|        Instance        |          Module         | Total LUTs | Logic LUTs | LUTRAMs | SRLs |  FFs | RAMB36 | RAMB18 | DSP Blocks |
+------------------------+-------------------------+------------+------------+---------+------+------+--------+--------+------------+
| streaming_cnn_core     |                   (top) |       4445 |       4445 |       0 |    0 | 4855 |      0 |      0 |          2 |
|   (streaming_cnn_core) |                   (top) |        757 |        757 |       0 |    0 |  645 |      0 |      0 |          2 |
|   u_conv_engine        |             conv_engine |       2126 |       2126 |       0 |    0 |  695 |      0 |      0 |          0 |
|   u_window_buffer      | streaming_window_buffer |       1562 |       1562 |       0 |    0 | 3515 |      0 |      0 |          0 |
+------------------------+-------------------------+------------+------------+---------+------+------+--------+--------+------------+


